\BOOKMARK [1][-]{Doc-Start}{\376\377\000S\000o\000b\000r\000e\000\040\000e\000l\000\040\000M\000\351\000t\000o\000d\000o}{}% 1
\BOOKMARK [1][-]{section.1}{\376\377\000S\000e\000s\000i\000\363\000n\000\040\0001\000\040\040\024\000\040\000F\000u\000n\000d\000a\000m\000e\000n\000t\000o\000s\000:\000\040\000C\000o\000n\000j\000u\000n\000t\000o\000s\000\040\000y\000\040\000e\000l\000\040\000I\000n\000f\000i\000n\000i\000t\000o}{}% 2
\BOOKMARK [2][-]{subsection.1.1}{\376\377\000C\000o\000n\000t\000e\000n\000i\000d\000o\000s}{section.1}% 3
\BOOKMARK [3][-]{subsubsection.1.1.1}{\376\377\0001\000.\0001\000\040\040\024\000\040\000T\000e\000o\000r\000\355\000a\000\040\000d\000e\000\040\000C\000o\000n\000j\000u\000n\000t\000o\000s\000\040\000y\000\040\000l\000a\000\040\000P\000a\000r\000a\000d\000o\000j\000a\000\040\000d\000e\000\040\000R\000u\000s\000s\000e\000l\000l}{subsection.1.1}% 4
\BOOKMARK [3][-]{subsubsection.1.1.2}{\376\377\0001\000.\0002\000\040\040\024\000\040\000R\000e\000l\000a\000c\000i\000o\000n\000e\000s\000,\000\040\000F\000u\000n\000c\000i\000o\000n\000e\000s\000\040\000y\000\040\000E\000q\000u\000i\000p\000o\000l\000e\000n\000c\000i\000a}{subsection.1.1}% 5
\BOOKMARK [1][-]{section.2}{\376\377\000S\000e\000s\000i\000\363\000n\000\040\0002\000\040\040\024\000\040\000L\000\363\000g\000i\000c\000a\000\040\000P\000r\000o\000p\000o\000s\000i\000c\000i\000o\000n\000a\000l\000:\000\040\000S\000i\000n\000t\000a\000x\000i\000s\000\040\000y\000\040\000S\000e\000m\000\341\000n\000t\000i\000c\000a}{}% 6
\BOOKMARK [2][-]{subsection.2.1}{\376\377\000C\000o\000n\000t\000e\000n\000i\000d\000o\000s}{section.2}% 7
\BOOKMARK [3][-]{subsubsection.2.1.1}{\376\377\0002\000.\0001\000\040\040\024\000\040\000E\000l\000\040\000L\000e\000n\000g\000u\000a\000j\000e\000\040\000c\000o\000m\000o\000\040\000S\000i\000s\000t\000e\000m\000a\000\040\000F\000o\000r\000m\000a\000l}{subsection.2.1}% 8
\BOOKMARK [3][-]{subsubsection.2.1.2}{\376\377\0002\000.\0002\000\040\040\024\000\040\000S\000e\000m\000\341\000n\000t\000i\000c\000a\000:\000\040\000V\000a\000l\000u\000a\000c\000i\000o\000n\000e\000s}{subsection.2.1}% 9
\BOOKMARK [3][-]{subsubsection.2.1.3}{\376\377\0002\000.\0003\000\040\040\024\000\040\000T\000e\000o\000r\000\355\000a\000\040\000d\000e\000\040\000l\000a\000\040\000D\000e\000m\000o\000s\000t\000r\000a\000c\000i\000\363\000n}{subsection.2.1}% 10
\BOOKMARK [1][-]{section.3}{\376\377\000S\000e\000s\000i\000\363\000n\000\040\0003\000\040\040\024\000\040\000L\000\363\000g\000i\000c\000a\000\040\000d\000e\000\040\000P\000r\000i\000m\000e\000r\000\040\000O\000r\000d\000e\000n\000\040\000y\000\040\000T\000e\000o\000r\000\355\000a\000\040\000d\000e\000\040\000M\000o\000d\000e\000l\000o\000s}{}% 11
\BOOKMARK [2][-]{subsection.3.1}{\376\377\000C\000o\000n\000t\000e\000n\000i\000d\000o\000s}{section.3}% 12
\BOOKMARK [3][-]{subsubsection.3.1.1}{\376\377\0003\000.\0001\000\040\040\024\000\040\000S\000i\000n\000t\000a\000x\000i\000s\000\040\000d\000e\000\040\000l\000a\000\040\000L\000\363\000g\000i\000c\000a\000\040\000d\000e\000\040\000P\000r\000i\000m\000e\000r\000\040\000O\000r\000d\000e\000n\000\040\000\050\000F\000O\000L\000\051}{subsection.3.1}% 13
\BOOKMARK [3][-]{subsubsection.3.1.2}{\376\377\0003\000.\0002\000\040\040\024\000\040\000E\000s\000t\000r\000u\000c\000t\000u\000r\000a\000s\000\040\000y\000\040\000S\000a\000t\000i\000s\000f\000a\000c\000i\000b\000i\000l\000i\000d\000a\000d}{subsection.3.1}% 14
\BOOKMARK [3][-]{subsubsection.3.1.3}{\376\377\0003\000.\0003\000\040\040\024\000\040\000L\000o\000s\000\040\000L\000\355\000m\000i\000t\000e\000s\000\040\000d\000e\000\040\000l\000a\000\040\000F\000o\000r\000m\000a}{subsection.3.1}% 15
\BOOKMARK [1][-]{section.4}{\376\377\000S\000e\000s\000i\000\363\000n\000\040\0004\000\040\040\024\000\040\000M\000e\000t\000a\000m\000a\000t\000e\000m\000\341\000t\000i\000c\000a\000,\000\040\000I\000n\000c\000o\000m\000p\000l\000e\000t\000i\000t\000u\000d\000\040\000y\000\040\000C\000o\000m\000p\000u\000t\000a\000b\000i\000l\000i\000d\000a\000d}{}% 16
\BOOKMARK [2][-]{subsection.4.1}{\376\377\000C\000o\000n\000t\000e\000n\000i\000d\000o\000s}{section.4}% 17
\BOOKMARK [3][-]{subsubsection.4.1.1}{\376\377\0004\000.\0001\000\040\040\024\000\040\000L\000a\000\040\000A\000r\000i\000t\000m\000e\000t\000i\000z\000a\000c\000i\000\363\000n\000\040\000d\000e\000\040\000l\000a\000\040\000S\000i\000n\000t\000a\000x\000i\000s}{subsection.4.1}% 18
\BOOKMARK [3][-]{subsubsection.4.1.2}{\376\377\0004\000.\0002\000\040\040\024\000\040\000I\000m\000p\000l\000i\000c\000a\000c\000i\000o\000n\000e\000s\000\040\000F\000u\000n\000d\000a\000m\000e\000n\000t\000a\000l\000e\000s}{subsection.4.1}% 19
\BOOKMARK [1][-]{section.5}{\376\377\000S\000e\000s\000i\000\363\000n\000\040\0005\000\040\040\024\000\040\000D\000i\000\341\000l\000o\000g\000o\000\040\000P\000e\000r\000i\000p\000\341\000t\000\351\000t\000i\000c\000o\000:\000\040\000E\000l\000\040\000I\000n\000f\000i\000n\000i\000t\000o\000,\000\040\000l\000a\000\040\000C\000o\000n\000c\000i\000e\000n\000c\000i\000a\000\040\000y\000\040\000l\000o\000s\000\040\000L\000\355\000m\000i\000t\000e\000s}{}% 20
\BOOKMARK [1][-]{section.6}{\376\377\000S\000e\000s\000i\000\363\000n\000\040\0006\000\040\040\024\000\040\000E\000l\000\040\000P\000u\000e\000n\000t\000e\000:\000\040\000B\000o\000o\000l\000e\000,\000\040\000S\000h\000a\000n\000n\000o\000n\000\040\000y\000\040\000l\000o\000s\000\040\000L\000\355\000m\000i\000t\000e\000s\000\040\000M\000a\000t\000\351\000r\000i\000c\000o\000s}{}% 21
\BOOKMARK [2][-]{subsection.6.1}{\376\377\000C\000o\000n\000t\000e\000n\000i\000d\000o\000s}{section.6}% 22
\BOOKMARK [3][-]{subsubsection.6.1.1}{\376\377\0006\000.\0001\000\040\040\024\000\040\000E\000l\000\040\000I\000s\000o\000m\000o\000r\000f\000i\000s\000m\000o\000\040\000d\000e\000\040\000S\000h\000a\000n\000n\000o\000n\000\040\000\050\0001\0009\0003\0008\000\051}{subsection.6.1}% 23
\BOOKMARK [3][-]{subsubsection.6.1.2}{\376\377\0006\000.\0002\000\040\040\024\000\040\000A\000n\000a\000t\000o\000m\000\355\000a\000\040\000d\000e\000l\000\040\000C\000\363\000m\000p\000u\000t\000o\000\040\000S\000e\000c\000u\000e\000n\000c\000i\000a\000l}{subsection.6.1}% 24
\BOOKMARK [3][-]{subsubsection.6.1.3}{\376\377\0006\000.\0003\000\040\040\024\000\040\000L\000a\000\040\000F\000\355\000s\000i\000c\000a\000\040\000d\000e\000l\000\040\000"\000B\000i\000t\000"\000\040\000y\000\040\000l\000a\000\040\000N\000o\000-\000L\000i\000n\000e\000a\000l\000i\000d\000a\000d\000\040\000N\000e\000c\000e\000s\000a\000r\000i\000a}{subsection.6.1}% 25
\BOOKMARK [1][-]{section.7}{\376\377\000S\000e\000s\000i\000\363\000n\000\040\0007\000\040\040\024\000\040\000T\000e\000r\000m\000o\000d\000i\000n\000\341\000m\000i\000c\000a\000\040\000L\000\363\000g\000i\000c\000a\000:\000\040\000E\000g\000\040\000y\000\040\000l\000a\000\040\000U\000n\000i\000\363\000n\000\040\000P\000N}{}% 26
\BOOKMARK [2][-]{subsection.7.1}{\376\377\000C\000o\000n\000t\000e\000n\000i\000d\000o\000s}{section.7}% 27
\BOOKMARK [3][-]{subsubsection.7.1.1}{\376\377\0007\000.\0001\000\040\040\024\000\040\000E\000l\000\040\000C\000r\000i\000s\000t\000a\000l\000\040\000y\000\040\000l\000a\000\040\000E\000s\000t\000a\000d\000\355\000s\000t\000i\000c\000a\000\040\000d\000e\000\040\000F\000e\000r\000m\000i\000-\000D\000i\000r\000a\000c}{subsection.7.1}% 28
\BOOKMARK [3][-]{subsubsection.7.1.2}{\376\377\0007\000.\0002\000\040\040\024\000\040\000R\000u\000p\000t\000u\000r\000a\000\040\000d\000e\000\040\000S\000i\000m\000e\000t\000r\000\355\000a\000:\000\040\000D\000o\000p\000a\000j\000e\000\040\000y\000\040\000l\000a\000\040\000U\000n\000i\000\363\000n\000\040\000P\000N}{subsection.7.1}% 29
\BOOKMARK [1][-]{section.8}{\376\377\000S\000e\000s\000i\000\363\000n\000\040\0008\000\040\040\024\000\040\000E\000l\000\040\000M\000o\000d\000u\000s\000\040\000P\000o\000n\000e\000n\000s\000\040\000F\000\355\000s\000i\000c\000o\000:\000\040\000M\000O\000S\000F\000E\000T\000\040\000y\000\040\000L\000\363\000g\000i\000c\000a\000\040\000C\000M\000O\000S}{}% 30
\BOOKMARK [2][-]{subsection.8.1}{\376\377\000C\000o\000n\000t\000e\000n\000i\000d\000o\000s}{section.8}% 31
\BOOKMARK [3][-]{subsubsection.8.1.1}{\376\377\0008\000.\0001\000\040\040\024\000\040\000E\000l\000\040\000T\000r\000a\000n\000s\000i\000s\000t\000o\000r\000\040\000d\000e\000\040\000E\000f\000e\000c\000t\000o\000\040\000d\000e\000\040\000C\000a\000m\000p\000o\000\040\000\050\000M\000O\000S\000F\000E\000T\000\051}{subsection.8.1}% 32
\BOOKMARK [3][-]{subsubsection.8.1.2}{\376\377\0008\000.\0002\000\040\040\024\000\040\000L\000a\000\040\000A\000r\000q\000u\000i\000t\000e\000c\000t\000u\000r\000a\000\040\000L\000\363\000g\000i\000c\000a\000\040\000C\000M\000O\000S}{subsection.8.1}% 33
\BOOKMARK [3][-]{subsubsection.8.1.3}{\376\377\0008\000.\0003\000\040\040\024\000\040\000S\000\355\000n\000t\000e\000s\000i\000s\000\040\000F\000i\000n\000a\000l\000:\000\040\000I\000m\000p\000l\000e\000m\000e\000n\000t\000a\000c\000i\000\363\000n\000\040\000d\000e\000l\000\040\000N\000A\000N\000D\000\040\000U\000n\000i\000v\000e\000r\000s\000a\000l}{subsection.8.1}% 34
\BOOKMARK [1][-]{section.9}{\376\377\000B\000i\000b\000l\000i\000o\000g\000r\000a\000f\000\355\000a\000\040\000C\000o\000n\000s\000o\000l\000i\000d\000a\000d\000a}{}% 35
