\BOOKMARK [1][-]{Doc-Start}{\376\377\000S\000o\000b\000r\000e\000\040\000e\000l\000\040\000M\000\351\000t\000o\000d\000o}{}% 1
\BOOKMARK [1][-]{section.1}{\376\377\000A\000r\000c\000o\000\040\000N\000a\000r\000r\000a\000t\000i\000v\000o\000\040\000d\000e\000l\000\040\000C\000u\000r\000s\000o}{}% 2
\BOOKMARK [1][-]{section.2}{\376\377\000S\000e\000s\000i\000\363\000n\000\040\0001\000\040\040\024\000\040\000F\000u\000n\000d\000a\000m\000e\000n\000t\000o\000s\000:\000\040\000C\000o\000n\000j\000u\000n\000t\000o\000s\000,\000\040\000R\000e\000l\000a\000c\000i\000o\000n\000e\000s\000\040\000y\000\040\000E\000s\000t\000r\000u\000c\000t\000u\000r\000a\000s}{}% 3
\BOOKMARK [2][-]{subsection.2.1}{\376\377\000C\000o\000n\000t\000e\000n\000i\000d\000o\000s}{section.2}% 4
\BOOKMARK [3][-]{subsubsection.2.1.1}{\376\377\0001\000.\0001\000\040\040\024\000\040\000T\000e\000o\000r\000\355\000a\000\040\000I\000n\000g\000e\000n\000u\000a\000\040\000d\000e\000\040\000C\000o\000n\000j\000u\000n\000t\000o\000s\000\040\000y\000\040\000l\000a\000\040\000P\000a\000r\000a\000d\000o\000j\000a\000\040\000d\000e\000\040\000R\000u\000s\000s\000e\000l\000l}{subsection.2.1}% 5
\BOOKMARK [3][-]{subsubsection.2.1.2}{\376\377\0001\000.\0002\000\040\040\024\000\040\000R\000e\000l\000a\000c\000i\000o\000n\000e\000s\000\040\000y\000\040\000F\000u\000n\000c\000i\000o\000n\000e\000s}{subsection.2.1}% 6
\BOOKMARK [3][-]{subsubsection.2.1.3}{\376\377\0001\000.\0003\000\040\040\024\000\040\000C\000a\000r\000d\000i\000n\000a\000l\000i\000d\000a\000d\000\040\000e\000\040\000I\000n\000f\000i\000n\000i\000t\000o}{subsection.2.1}% 7
\BOOKMARK [1][-]{section.3}{\376\377\000S\000e\000s\000i\000\363\000n\000\040\0002\000\040\040\024\000\040\000L\000e\000n\000g\000u\000a\000j\000e\000s\000\040\000F\000o\000r\000m\000a\000l\000e\000s\000\040\000y\000\040\000l\000a\000\040\000J\000e\000r\000a\000r\000q\000u\000\355\000a\000\040\000d\000e\000\040\000C\000h\000o\000m\000s\000k\000y}{}% 8
\BOOKMARK [2][-]{subsection.3.1}{\376\377\000C\000o\000n\000t\000e\000n\000i\000d\000o\000s}{section.3}% 9
\BOOKMARK [3][-]{subsubsection.3.1.1}{\376\377\0002\000.\0001\000\040\040\024\000\040\000A\000l\000f\000a\000b\000e\000t\000o\000s\000,\000\040\000C\000a\000d\000e\000n\000a\000s\000\040\000y\000\040\000e\000l\000\040\000M\000o\000n\000o\000i\000d\000e\000\040\000L\000i\000b\000r\000e}{subsection.3.1}% 10
\BOOKMARK [3][-]{subsubsection.3.1.2}{\376\377\0002\000.\0002\000\040\040\024\000\040\000G\000r\000a\000m\000\341\000t\000i\000c\000a\000s\000\040\000F\000o\000r\000m\000a\000l\000e\000s}{subsection.3.1}% 11
\BOOKMARK [3][-]{subsubsection.3.1.3}{\376\377\0002\000.\0003\000\040\040\024\000\040\000L\000a\000\040\000J\000e\000r\000a\000r\000q\000u\000\355\000a\000\040\000d\000e\000\040\000C\000h\000o\000m\000s\000k\000y}{subsection.3.1}% 12
\BOOKMARK [3][-]{subsubsection.3.1.4}{\376\377\0002\000.\0004\000\040\040\024\000\040\000S\000i\000n\000t\000a\000x\000i\000s\000\040\000v\000s\000.\000\040\000S\000e\000m\000\341\000n\000t\000i\000c\000a}{subsection.3.1}% 13
\BOOKMARK [1][-]{section.4}{\376\377\000S\000e\000s\000i\000\363\000n\000\040\0003\000\040\040\024\000\040\000L\000\363\000g\000i\000c\000a\000\040\000P\000r\000o\000p\000o\000s\000i\000c\000i\000o\000n\000a\000l\000:\000\040\000S\000i\000n\000t\000a\000x\000i\000s\000,\000\040\000S\000e\000m\000\341\000n\000t\000i\000c\000a\000\040\000y\000\040\000P\000r\000u\000e\000b\000a}{}% 14
\BOOKMARK [2][-]{subsection.4.1}{\376\377\000C\000o\000n\000t\000e\000n\000i\000d\000o\000s}{section.4}% 15
\BOOKMARK [3][-]{subsubsection.4.1.1}{\376\377\0003\000.\0001\000\040\040\024\000\040\000S\000i\000n\000t\000a\000x\000i\000s\000\040\000d\000e\000l\000\040\000C\000\341\000l\000c\000u\000l\000o\000\040\000P\000r\000o\000p\000o\000s\000i\000c\000i\000o\000n\000a\000l}{subsection.4.1}% 16
\BOOKMARK [3][-]{subsubsection.4.1.2}{\376\377\0003\000.\0002\000\040\040\024\000\040\000S\000e\000m\000\341\000n\000t\000i\000c\000a\000:\000\040\000V\000a\000l\000u\000a\000c\000i\000o\000n\000e\000s\000\040\000y\000\040\000T\000a\000b\000l\000a\000s\000\040\000d\000e\000\040\000V\000e\000r\000d\000a\000d}{subsection.4.1}% 17
\BOOKMARK [3][-]{subsubsection.4.1.3}{\376\377\0003\000.\0003\000\040\040\024\000\040\000S\000i\000s\000t\000e\000m\000a\000\040\000d\000e\000\040\000P\000r\000u\000e\000b\000a}{subsection.4.1}% 18
\BOOKMARK [3][-]{subsubsection.4.1.4}{\376\377\0003\000.\0004\000\040\040\024\000\040\000M\000a\000p\000e\000o\000\040\000a\000l\000\040\000E\000s\000p\000a\000\361\000o\000l\000\040\000N\000a\000t\000u\000r\000a\000l}{subsection.4.1}% 19
\BOOKMARK [1][-]{section.5}{\376\377\000S\000e\000s\000i\000\363\000n\000\040\0004\000\040\040\024\000\040\000L\000\363\000g\000i\000c\000a\000\040\000d\000e\000\040\000P\000r\000i\000m\000e\000r\000\040\000O\000r\000d\000e\000n\000\040\000y\000\040\000T\000e\000o\000r\000\355\000a\000\040\000d\000e\000\040\000M\000o\000d\000e\000l\000o\000s}{}% 20
\BOOKMARK [2][-]{subsection.5.1}{\376\377\000C\000o\000n\000t\000e\000n\000i\000d\000o\000s}{section.5}% 21
\BOOKMARK [3][-]{subsubsection.5.1.1}{\376\377\0004\000.\0001\000\040\040\024\000\040\000S\000i\000n\000t\000a\000x\000i\000s\000\040\000d\000e\000\040\000l\000a\000\040\000L\000\363\000g\000i\000c\000a\000\040\000d\000e\000\040\000P\000r\000i\000m\000e\000r\000\040\000O\000r\000d\000e\000n}{subsection.5.1}% 22
\BOOKMARK [3][-]{subsubsection.5.1.2}{\376\377\0004\000.\0002\000\040\040\024\000\040\000S\000e\000m\000\341\000n\000t\000i\000c\000a\000:\000\040\000E\000s\000t\000r\000u\000c\000t\000u\000r\000a\000s\000\040\000e\000\040\000I\000n\000t\000e\000r\000p\000r\000e\000t\000a\000c\000i\000o\000n\000e\000s}{subsection.5.1}% 23
\BOOKMARK [3][-]{subsubsection.5.1.3}{\376\377\0004\000.\0003\000\040\040\024\000\040\000T\000e\000o\000r\000\355\000a\000\040\000d\000e\000\040\000l\000a\000\040\000D\000e\000m\000o\000s\000t\000r\000a\000c\000i\000\363\000n\000\040\000e\000n\000\040\000F\000O\000L}{subsection.5.1}% 24
\BOOKMARK [3][-]{subsubsection.5.1.4}{\376\377\0004\000.\0004\000\040\040\024\000\040\000R\000e\000s\000u\000l\000t\000a\000d\000o\000s\000\040\000d\000e\000\040\000T\000e\000o\000r\000\355\000a\000\040\000d\000e\000\040\000M\000o\000d\000e\000l\000o\000s\000\040\000\050\000s\000i\000n\000\040\000d\000e\000m\000o\000s\000t\000r\000a\000c\000i\000\363\000n\000\051}{subsection.5.1}% 25
\BOOKMARK [1][-]{section.6}{\376\377\000S\000e\000s\000i\000\363\000n\000\040\0005\000\040\040\024\000\040\000M\000e\000t\000a\000m\000a\000t\000e\000m\000\341\000t\000i\000c\000a\000,\000\040\000I\000n\000c\000o\000m\000p\000l\000e\000t\000i\000t\000u\000d\000\040\000y\000\040\000C\000o\000m\000p\000u\000t\000a\000b\000i\000l\000i\000d\000a\000d}{}% 26
\BOOKMARK [2][-]{subsection.6.1}{\376\377\000C\000o\000n\000t\000e\000n\000i\000d\000o\000s}{section.6}% 27
\BOOKMARK [3][-]{subsubsection.6.1.1}{\376\377\0005\000.\0001\000\040\040\024\000\040\000L\000a\000\040\000A\000r\000i\000t\000m\000\351\000t\000i\000c\000a\000\040\000d\000e\000\040\000P\000e\000a\000n\000o\000\040\000y\000\040\000l\000a\000\040\000A\000r\000i\000t\000m\000e\000t\000i\000z\000a\000c\000i\000\363\000n}{subsection.6.1}% 28
\BOOKMARK [3][-]{subsubsection.6.1.2}{\376\377\0005\000.\0002\000\040\040\024\000\040\000E\000l\000\040\000P\000r\000i\000m\000e\000r\000\040\000T\000e\000o\000r\000e\000m\000a\000\040\000d\000e\000\040\000I\000n\000c\000o\000m\000p\000l\000e\000t\000i\000t\000u\000d}{subsection.6.1}% 29
\BOOKMARK [3][-]{subsubsection.6.1.3}{\376\377\0005\000.\0003\000\040\040\024\000\040\000E\000l\000\040\000S\000e\000g\000u\000n\000d\000o\000\040\000T\000e\000o\000r\000e\000m\000a\000\040\000d\000e\000\040\000I\000n\000c\000o\000m\000p\000l\000e\000t\000i\000t\000u\000d}{subsection.6.1}% 30
\BOOKMARK [3][-]{subsubsection.6.1.4}{\376\377\0005\000.\0004\000\040\040\024\000\040\000C\000o\000m\000p\000u\000t\000a\000b\000i\000l\000i\000d\000a\000d\000\040\000y\000\040\000e\000l\000\040\000P\000r\000o\000b\000l\000e\000m\000a\000\040\000d\000e\000\040\000l\000a\000\040\000P\000a\000r\000a\000d\000a}{subsection.6.1}% 31
\BOOKMARK [3][-]{subsubsection.6.1.5}{\376\377\0005\000.\0005\000\040\040\024\000\040\000E\000l\000\040\000A\000r\000g\000u\000m\000e\000n\000t\000o\000\040\000D\000i\000a\000g\000o\000n\000a\000l\000\040\000y\000\040\000l\000a\000\040\000C\000o\000n\000c\000i\000e\000n\000c\000i\000a}{subsection.6.1}% 32
\BOOKMARK [1][-]{section.7}{\376\377\000S\000e\000s\000i\000\363\000n\000\040\0006\000\040\040\024\000\040\000D\000i\000\341\000l\000o\000g\000o\000\040\000P\000e\000r\000i\000p\000\341\000t\000e\000t\000\355\000c\000o\000:\000\040\000E\000l\000\040\000I\000n\000f\000i\000n\000i\000t\000o\000,\000\040\000l\000a\000\040\000C\000o\000n\000c\000i\000e\000n\000c\000i\000a\000\040\000y\000\040\000l\000o\000s\000\040\000L\000\355\000m\000i\000t\000e\000s\000\040\000d\000e\000\040\000l\000a\000\040\000R\000a\000z\000\363\000n}{}% 33
\BOOKMARK [1][-]{section.8}{\376\377\000S\000e\000s\000i\000\363\000n\000\040\0007\000\040\040\024\000\040\000E\000l\000\040\000P\000u\000e\000n\000t\000e\000:\000\040\000\301\000l\000g\000e\000b\000r\000a\000\040\000d\000e\000\040\000B\000o\000o\000l\000e\000,\000\040\000C\000o\000m\000p\000u\000t\000a\000b\000i\000l\000i\000d\000a\000d\000\040\000y\000\040\000l\000a\000\040\000F\000\355\000s\000i\000c\000a\000\040\000d\000e\000l\000\040\000S\000i\000l\000i\000c\000i\000o}{}% 34
\BOOKMARK [2][-]{subsection.8.1}{\376\377\000C\000o\000n\000t\000e\000n\000i\000d\000o\000s}{section.8}% 35
\BOOKMARK [3][-]{subsubsection.8.1.1}{\376\377\0007\000.\0001\000\040\040\024\000\040\000\301\000l\000g\000e\000b\000r\000a\000\040\000d\000e\000\040\000B\000o\000o\000l\000e}{subsection.8.1}% 36
\BOOKMARK [3][-]{subsubsection.8.1.2}{\376\377\0007\000.\0002\000\040\040\024\000\040\000D\000e\000\040\000l\000a\000\040\000M\000\341\000q\000u\000i\000n\000a\000\040\000d\000e\000\040\000T\000u\000r\000i\000n\000g\000\040\000a\000l\000\040\000C\000i\000r\000c\000u\000i\000t\000o\000\040\000D\000i\000g\000i\000t\000a\000l}{subsection.8.1}% 37
\BOOKMARK [3][-]{subsubsection.8.1.3}{\376\377\0007\000.\0003\000\040\040\024\000\040\000L\000a\000\040\000I\000l\000u\000s\000i\000\363\000n\000\040\000d\000e\000l\000\040\000B\000i\000t}{subsection.8.1}% 38
\BOOKMARK [3][-]{subsubsection.8.1.4}{\376\377\0007\000.\0004\000\040\040\024\000\040\000Q\000u\000\355\000m\000i\000c\000a\000\040\000d\000e\000l\000\040\000S\000i\000l\000i\000c\000i\000o\000\040\000y\000\040\000e\000l\000\040\000B\000a\000n\000d\000g\000a\000p\000\040\000c\000o\000m\000o\000\040\000E\000n\000e\000r\000g\000\355\000a\000\040\000d\000e\000\040\000A\000c\000t\000i\000v\000a\000c\000i\000\363\000n}{subsection.8.1}% 39
\BOOKMARK [1][-]{section.9}{\376\377\000S\000e\000s\000i\000\363\000n\000\040\0008\000\040\040\024\000\040\000S\000e\000m\000i\000c\000o\000n\000d\000u\000c\000t\000o\000r\000e\000s\000:\000\040\000E\000s\000t\000a\000d\000\355\000s\000t\000i\000c\000a\000\040\000d\000e\000\040\000F\000e\000r\000m\000i\000-\000D\000i\000r\000a\000c\000\040\000y\000\040\000D\000o\000p\000a\000j\000e}{}% 40
\BOOKMARK [2][-]{subsection.9.1}{\376\377\000C\000o\000n\000t\000e\000n\000i\000d\000o\000s}{section.9}% 41
\BOOKMARK [3][-]{subsubsection.9.1.1}{\376\377\0008\000.\0001\000\040\040\024\000\040\000L\000a\000\040\000D\000i\000s\000t\000r\000i\000b\000u\000c\000i\000\363\000n\000\040\000d\000e\000\040\000F\000e\000r\000m\000i\000-\000D\000i\000r\000a\000c}{subsection.9.1}% 42
\BOOKMARK [3][-]{subsubsection.9.1.2}{\376\377\0008\000.\0002\000\040\040\024\000\040\000C\000o\000n\000c\000e\000n\000t\000r\000a\000c\000i\000\363\000n\000\040\000d\000e\000\040\000P\000o\000r\000t\000a\000d\000o\000r\000e\000s}{subsection.9.1}% 43
\BOOKMARK [3][-]{subsubsection.9.1.3}{\376\377\0008\000.\0003\000\040\040\024\000\040\000D\000o\000p\000a\000j\000e\000\040\000y\000\040\000E\000q\000u\000i\000l\000i\000b\000r\000i\000o\000\040\000Q\000u\000\355\000m\000i\000c\000o}{subsection.9.1}% 44
\BOOKMARK [1][-]{section.10}{\376\377\000S\000e\000s\000i\000\363\000n\000\040\0009\000\040\040\024\000\040\000L\000a\000\040\000U\000n\000i\000\363\000n\000\040\000P\000N\000\040\000y\000\040\000e\000l\000\040\000D\000i\000o\000d\000o\000:\000\040\000T\000e\000r\000m\000o\000d\000i\000n\000\341\000m\000i\000c\000a\000\040\000d\000e\000\040\000N\000o\000\040\000E\000q\000u\000i\000l\000i\000b\000r\000i\000o}{}% 45
\BOOKMARK [2][-]{subsection.10.1}{\376\377\000C\000o\000n\000t\000e\000n\000i\000d\000o\000s}{section.10}% 46
\BOOKMARK [3][-]{subsubsection.10.1.1}{\376\377\0009\000.\0001\000\040\040\024\000\040\000L\000a\000\040\000R\000e\000g\000i\000\363\000n\000\040\000d\000e\000\040\000A\000g\000o\000t\000a\000m\000i\000e\000n\000t\000o\000\040\000y\000\040\000e\000l\000\040\000P\000o\000t\000e\000n\000c\000i\000a\000l\000\040\000B\000u\000i\000l\000t\000-\000i\000n}{subsection.10.1}% 47
\BOOKMARK [3][-]{subsubsection.10.1.2}{\376\377\0009\000.\0002\000\040\040\024\000\040\000C\000o\000r\000r\000i\000e\000n\000t\000e\000s\000\040\000d\000e\000\040\000D\000i\000f\000u\000s\000i\000\363\000n\000\040\000y\000\040\000A\000r\000r\000a\000s\000t\000r\000e}{subsection.10.1}% 48
\BOOKMARK [3][-]{subsubsection.10.1.3}{\376\377\0009\000.\0003\000\040\040\024\000\040\000L\000a\000\040\000E\000c\000u\000a\000c\000i\000\363\000n\000\040\000d\000e\000\040\000S\000h\000o\000c\000k\000l\000e\000y}{subsection.10.1}% 49
\BOOKMARK [1][-]{section.11}{\376\377\000S\000e\000s\000i\000\363\000n\000\040\0001\0000\000\040\040\024\000\040\000E\000l\000\040\000T\000r\000a\000n\000s\000i\000s\000t\000o\000r\000\040\000M\000O\000S\000F\000E\000T\000\040\000y\000\040\000l\000a\000s\000\040\000C\000o\000m\000p\000u\000e\000r\000t\000a\000s\000\040\000C\000M\000O\000S}{}% 50
\BOOKMARK [2][-]{subsection.11.1}{\376\377\000C\000o\000n\000t\000e\000n\000i\000d\000o\000s}{section.11}% 51
\BOOKMARK [3][-]{subsubsection.11.1.1}{\376\377\0001\0000\000.\0001\000\040\040\024\000\040\000E\000s\000t\000r\000u\000c\000t\000u\000r\000a\000\040\000y\000\040\000O\000p\000e\000r\000a\000c\000i\000\363\000n\000\040\000d\000e\000l\000\040\000M\000O\000S\000F\000E\000T}{subsection.11.1}% 52
\BOOKMARK [3][-]{subsubsection.11.1.2}{\376\377\0001\0000\000.\0002\000\040\040\024\000\040\000D\000e\000r\000i\000v\000a\000c\000i\000\363\000n\000\040\000d\000e\000\040\000l\000a\000\040\000E\000c\000u\000a\000c\000i\000\363\000n\000\040\000d\000e\000\040\000C\000o\000r\000r\000i\000e\000n\000t\000e}{subsection.11.1}% 53
\BOOKMARK [3][-]{subsubsection.11.1.3}{\376\377\0001\0000\000.\0003\000\040\040\024\000\040\000I\000m\000p\000l\000e\000m\000e\000n\000t\000a\000c\000i\000\363\000n\000\040\000L\000\363\000g\000i\000c\000a\000\040\000C\000M\000O\000S}{subsection.11.1}% 54
\BOOKMARK [1][-]{section.12}{\376\377\000S\000e\000s\000i\000\363\000n\000\040\0001\0001\000\040\040\024\000\040\000S\000i\000s\000t\000e\000m\000a\000s\000\040\000D\000i\000n\000\341\000m\000i\000c\000o\000s\000\040\000y\000\040\000F\000i\000l\000t\000r\000o\000s\000\040\000e\000n\000\040\000e\000l\000\040\000D\000o\000m\000i\000n\000i\000o\000\040\000s}{}% 55
\BOOKMARK [2][-]{subsection.12.1}{\376\377\000C\000o\000n\000t\000e\000n\000i\000d\000o\000s}{section.12}% 56
\BOOKMARK [3][-]{subsubsection.12.1.1}{\376\377\0001\0001\000.\0001\000\040\040\024\000\040\000M\000o\000d\000e\000l\000a\000d\000o\000\040\000D\000i\000n\000\341\000m\000i\000c\000o\000\040\000d\000e\000\040\000C\000i\000r\000c\000u\000i\000t\000o\000s}{subsection.12.1}% 57
\BOOKMARK [3][-]{subsubsection.12.1.2}{\376\377\0001\0001\000.\0002\000\040\040\024\000\040\000L\000a\000\040\000T\000r\000a\000n\000s\000f\000o\000r\000m\000a\000d\000a\000\040\000d\000e\000\040\000L\000a\000p\000l\000a\000c\000e}{subsection.12.1}% 58
\BOOKMARK [3][-]{subsubsection.12.1.3}{\376\377\0001\0001\000.\0003\000\040\040\024\000\040\000E\000l\000\040\000P\000l\000a\000n\000o\000\040\000s\000\040\000y\000\040\000F\000u\000n\000c\000i\000o\000n\000e\000s\000\040\000d\000e\000\040\000T\000r\000a\000n\000s\000f\000e\000r\000e\000n\000c\000i\000a}{subsection.12.1}% 59
\BOOKMARK [3][-]{subsubsection.12.1.4}{\376\377\0001\0001\000.\0004\000\040\040\024\000\040\000F\000i\000l\000t\000r\000o\000s\000\040\000A\000c\000t\000i\000v\000o\000s\000\040\000d\000e\000\040\000S\000e\000g\000u\000n\000d\000o\000\040\000O\000r\000d\000e\000n}{subsection.12.1}% 60
\BOOKMARK [1][-]{section.13}{\376\377\000B\000i\000b\000l\000i\000o\000g\000r\000a\000f\000\355\000a\000\040\000C\000o\000n\000s\000o\000l\000i\000d\000a\000d\000a}{}% 61
\BOOKMARK [1][-]{section.14}{\376\377\000P\000o\000l\000\355\000t\000i\000c\000a\000s\000\040\000d\000e\000l\000\040\000C\000u\000r\000s\000o}{}% 62
